Mplus VERSION 8.10
MUTHEN & MUTHEN
07/18/2026   8:03 PM

INPUT INSTRUCTIONS

  Title: mi_model2

  data:
    file is "S:\Temp\MPlus\Imp_Data_3class\Imp_Data_3class__IMP_LIST.txt";
    type = imputation;

  variable:
    names = par_edu
            big_ope big_con big_ext big_agr big_neu
            int_edi int_ssi int_abi ext_uti ext_lod ext_soi
            aca_abi
            hisei
            str_aca_int nor_aca_int pee_soc_int fac_soc_int
            dro_int dro_out
            bchw1 bchw2 bchw3
            ID_t;

    usevariables = str_aca_int nor_aca_int pee_soc_int fac_soc_int
                   bchw1 bchw2 bchw3;

    missing = .;
    idvariable = ID_t;

    classes = c (3);
    training = bchw1-bchw3 (bch);

  define:
    standardize str_aca_int nor_aca_int pee_soc_int fac_soc_int;

  analysis:
    type = mixture;
    estimator = mlr;
    starts = 0;

  model:
    %overall%

    %c#1%
    [str_aca_int] (str1);
    [nor_aca_int] (nor1);
    [pee_soc_int] (pee1);
    [fac_soc_int] (fac1);

    str_aca_int WITH nor_aca_int pee_soc_int fac_soc_int;
    nor_aca_int WITH pee_soc_int fac_soc_int;
    pee_soc_int WITH fac_soc_int;

    %c#2%
    [str_aca_int] (str2);
    [nor_aca_int] (nor2);
    [pee_soc_int] (pee2);
    [fac_soc_int] (fac2);

    str_aca_int WITH nor_aca_int pee_soc_int fac_soc_int;
    nor_aca_int WITH pee_soc_int fac_soc_int;
    pee_soc_int WITH fac_soc_int;

    %c#3%
    [str_aca_int] (str3);
    [nor_aca_int] (nor3);
    [pee_soc_int] (pee3);
    [fac_soc_int] (fac3);

    str_aca_int WITH nor_aca_int pee_soc_int fac_soc_int;
    nor_aca_int WITH pee_soc_int fac_soc_int;
    pee_soc_int WITH fac_soc_int;

  model constraint:
    new (
    str12 nor12 pee12 fac12
    str13 nor13 pee13 fac13
    str23 nor23 pee23 fac23);

    str12 = str1 - str2;
    nor12 = nor1 - nor2;
    pee12 = pee1 - pee2;
    fac12 = fac1 - fac2;

    str13 = str1 - str3;
    nor13 = nor1 - nor3;
    pee13 = pee1 - pee3;
    fac13 = fac1 - fac3;

    str23 = str2 - str3;
    nor23 = nor2 - nor3;
    pee23 = pee2 - pee3;
    fac23 = fac2 - fac3;

  output:
    residual;
    sampstat;
    cinterval;



*** WARNING in VARIABLE command
  Note that only the first 8 characters of variable names are used in the output.
  Shorten variable names to avoid any confusion.
*** WARNING in MODEL command
  All variables are uncorrelated with all other variables within class.
  Check that this is what is intended.
   2 WARNING(S) FOUND IN THE INPUT INSTRUCTIONS



mi_model2

SUMMARY OF ANALYSIS

Number of groups                                                 1
Average number of observations                                5772

Number of replications
    Requested                                                   20
    Completed                                                   20

Number of dependent variables                                    4
Number of independent variables                                  0
Number of continuous latent variables                            0
Number of categorical latent variables                           1

Observed dependent variables

  Continuous
   STR_ACA_IN  NOR_ACA_IN  PEE_SOC_IN  FAC_SOC_IN

Categorical latent variables
   C

Variables with special functions

  ID variable           ID_T

  Training variables (BCH)
   BCHW1       BCHW2       BCHW3


Estimator                                                      MLR
Information matrix                                        OBSERVED
Optimization Specifications for the Quasi-Newton Algorithm for
Continuous Outcomes
  Maximum number of iterations                                 100
  Convergence criterion                                  0.100D-05
Optimization Specifications for the EM Algorithm
  Maximum number of iterations                                 500
  Convergence criteria
    Loglikelihood change                                 0.100D-06
    Relative loglikelihood change                        0.100D-06
    Derivative                                           0.100D-05
Optimization Specifications for the M step of the EM Algorithm for
Categorical Latent variables
  Number of M step iterations                                    1
  M step convergence criterion                           0.100D-05
  Basis for M step termination                           ITERATION
Optimization Specifications for the M step of the EM Algorithm for
Censored, Binary or Ordered Categorical (Ordinal), Unordered
Categorical (Nominal) and Count Outcomes
  Number of M step iterations                                    1
  M step convergence criterion                           0.100D-05
  Basis for M step termination                           ITERATION
  Maximum value for logit thresholds                            15
  Minimum value for logit thresholds                           -15
  Minimum expected cell size for chi-square              0.100D-01
Maximum number of iterations for H1                           2000
Convergence criterion for H1                             0.100D-03
Optimization algorithm                                         EMA

Input data file(s)
  Multiple data files from
    S:\Temp\MPlus\Imp_Data_3class\Imp_Data_3class__IMP_LIST.txt
Input data format  FREE


SUMMARY OF DATA FOR THE FIRST DATA SET

     Number of missing data patterns             1
     Number of y missing data patterns           1
     Number of u missing data patterns           0


SUMMARY OF MISSING DATA PATTERNS FOR THE FIRST DATA SET


     MISSING DATA PATTERNS FOR Y (x = not missing)

           1
 STR_ACA_  x
 NOR_ACA_  x
 PEE_SOC_  x
 FAC_SOC_  x


     MISSING DATA PATTERN FREQUENCIES FOR Y

    Pattern   Frequency
          1        5772


COVARIANCE COVERAGE OF DATA FOR THE FIRST DATA SET

Minimum covariance coverage value   0.100


     PROPORTION OF DATA PRESENT FOR Y


           Covariance Coverage
              STR_ACA_      NOR_ACA_      PEE_SOC_      FAC_SOC_
              ________      ________      ________      ________
 STR_ACA_       1.000
 NOR_ACA_       1.000         1.000
 PEE_SOC_       1.000         1.000         1.000
 FAC_SOC_       1.000         1.000         1.000         1.000


SAMPLE STATISTICS

NOTE:  These are average results over 20 data sets.


     ESTIMATED SAMPLE STATISTICS


           Means
              STR_ACA_      NOR_ACA_      PEE_SOC_      FAC_SOC_
              ________      ________      ________      ________
                0.000         0.000         0.000         0.000


           Covariances
              STR_ACA_      NOR_ACA_      PEE_SOC_      FAC_SOC_
              ________      ________      ________      ________
 STR_ACA_       1.000
 NOR_ACA_       0.147         1.000
 PEE_SOC_       0.177         0.141         1.000
 FAC_SOC_       0.334         0.111         0.233         1.000


           Correlations
              STR_ACA_      NOR_ACA_      PEE_SOC_      FAC_SOC_
              ________      ________      ________      ________
 STR_ACA_       1.000
 NOR_ACA_       0.147         1.000
 PEE_SOC_       0.177         0.141         1.000
 FAC_SOC_       0.334         0.111         0.233         1.000




MODEL FIT INFORMATION

Number of Free Parameters                       36

Loglikelihood

    H0 Value

        Mean                            -37741.201
        Std Dev                             47.219
        Number of successful computations       20

             Proportions                   Percentiles
        Expected    Observed         Expected       Observed
           0.990       0.950       -37851.047     -37854.432
           0.980       0.950       -37838.175     -37854.432
           0.950       0.950       -37818.872     -37854.432
           0.900       0.850       -37801.717     -37854.432
           0.800       0.800       -37780.941     -37808.671
           0.700       0.750       -37765.963     -37763.221
           0.500       0.550       -37741.201     -37736.936
           0.300       0.300       -37716.439     -37717.576
           0.200       0.150       -37701.462     -37710.331
           0.100       0.050       -37680.685     -37689.198
           0.050       0.050       -37663.530     -37681.479
           0.020       0.000       -37644.227     -37681.479
           0.010       0.000       -37631.355     -37681.479

Information Criteria

    Akaike (AIC)

        Mean                             75554.402
        Std Dev                             94.438
        Number of successful computations       20

             Proportions                   Percentiles
        Expected    Observed         Expected       Observed
           0.990       1.000        75334.711      75379.220
           0.980       1.000        75360.455      75379.220
           0.950       0.950        75399.061      75379.220
           0.900       0.950        75433.370      75379.220
           0.800       0.850        75474.923      75450.396
           0.700       0.700        75504.879      75496.759
           0.500       0.450        75554.402      75528.774
           0.300       0.250        75603.926      75574.621
           0.200       0.200        75633.881      75618.380
           0.100       0.150        75675.434      75689.343
           0.050       0.050        75709.744      75692.003
           0.020       0.050        75748.350      75692.003
           0.010       0.050        75774.094      75692.003

    Bayesian (BIC)

        Mean                             75794.190
        Std Dev                             94.438
        Number of successful computations       20

             Proportions                   Percentiles
        Expected    Observed         Expected       Observed
           0.990       1.000        75574.499      75619.007
           0.980       1.000        75600.242      75619.007
           0.950       0.950        75638.849      75619.007
           0.900       0.950        75673.158      75619.007
           0.800       0.850        75714.711      75690.184
           0.700       0.700        75744.667      75736.547
           0.500       0.450        75794.190      75768.562
           0.300       0.250        75843.713      75814.409
           0.200       0.200        75873.669      75858.168
           0.100       0.150        75915.222      75929.130
           0.050       0.050        75949.531      75931.791
           0.020       0.050        75988.138      75931.791
           0.010       0.050        76013.882      75931.791

    Sample-Size Adjusted BIC (n* = (n + 2) / 24)

        Mean                             75679.793
        Std Dev                             94.438
        Number of successful computations       20

             Proportions                   Percentiles
        Expected    Observed         Expected       Observed
           0.990       1.000        75460.101      75504.610
           0.980       1.000        75485.845      75504.610
           0.950       0.950        75524.451      75504.610
           0.900       0.950        75558.761      75504.610
           0.800       0.850        75600.313      75575.786
           0.700       0.700        75630.269      75622.149
           0.500       0.450        75679.793      75654.164
           0.300       0.250        75729.316      75700.012
           0.200       0.200        75759.272      75743.771
           0.100       0.150        75800.825      75814.733
           0.050       0.050        75835.134      75817.394
           0.020       0.050        75873.740      75817.394
           0.010       0.050        75899.484      75817.394



FINAL CLASS COUNTS AND PROPORTIONS FOR THE LATENT CLASSES
BASED ON THE ESTIMATED MODEL

    Latent
   Classes

       1        994.53367          0.17230
       2       2548.89153          0.44160
       3       2228.57481          0.38610


FINAL CLASS COUNTS AND PROPORTIONS FOR THE LATENT CLASSES
BASED ON ESTIMATED POSTERIOR PROBABILITIES

    Latent
   Classes

       1        994.53367          0.17230
       2       2548.89153          0.44160
       3       2228.57481          0.38610


FINAL CLASS COUNTS AND PROPORTIONS FOR THE LATENT CLASSES
BASED ON THEIR MOST LIKELY LATENT CLASS MEMBERSHIP

Class Counts and Proportions

    Latent
   Classes

       1              774          0.13410
       2             2801          0.48527
       3             2197          0.38063


Average Latent Class Probabilities for Most Likely Latent Class Membership (Row)
by Latent Class (Column)

           1        2        3

    1   1.764    -.416    -.348
    2   -.068    1.149    -.081
    3   -.082    -.158    1.240


Classification Probabilities for the Most Likely Latent Class Membership (Column)
by Latent Class (Row)

           1        2        3

    1   1.373    -.192    -.181
    2   -.126    1.263    -.136
    3   -.121    -.102    1.223


Logits for the Classification Probabilities for the Most Likely Latent Class Membership (Column)
by Latent Class (Row)

              1        2        3

    1     14.132    0.000    0.000
    2      0.000   14.049    0.000
    3    -14.017  -14.017    0.000


MODEL RESULTS

                                                    Two-Tailed   Rate of
                    Estimate       S.E.  Est./S.E.    P-Value    Missing

Latent Class 1

 STR_ACA_ WITH
    NOR_ACA_IN         0.174      0.068      2.544      0.011      0.162
    PEE_SOC_IN         0.190      0.061      3.143      0.002      0.377
    FAC_SOC_IN         0.272      0.062      4.406      0.000      0.335

 NOR_ACA_ WITH
    PEE_SOC_IN         0.075      0.060      1.263      0.207      0.297
    FAC_SOC_IN         0.003      0.070      0.039      0.969      0.299

 PEE_SOC_ WITH
    FAC_SOC_IN         0.209      0.057      3.646      0.000      0.286

 Means
    STR_ACA_IN        -0.190      0.058     -3.258      0.001      0.336
    NOR_ACA_IN        -0.605      0.059    -10.193      0.000      0.305
    PEE_SOC_IN        -0.326      0.058     -5.640      0.000      0.186
    FAC_SOC_IN        -0.190      0.061     -3.099      0.002      0.345

 Variances
    STR_ACA_IN         0.992      0.019     52.878      0.000      0.024
    NOR_ACA_IN         0.924      0.020     45.104      0.000      0.152
    PEE_SOC_IN         0.974      0.019     52.187      0.000      0.023
    FAC_SOC_IN         0.989      0.023     43.248      0.000      0.019

Latent Class 2

 STR_ACA_ WITH
    NOR_ACA_IN         0.126      0.027      4.639      0.000      0.236
    PEE_SOC_IN         0.166      0.028      6.019      0.000      0.262
    FAC_SOC_IN         0.330      0.028     11.989      0.000      0.298

 NOR_ACA_ WITH
    PEE_SOC_IN         0.120      0.029      4.143      0.000      0.230
    FAC_SOC_IN         0.109      0.031      3.501      0.000      0.396

 PEE_SOC_ WITH
    FAC_SOC_IN         0.211      0.031      6.736      0.000      0.350

 Means
    STR_ACA_IN         0.024      0.029      0.851      0.395      0.262
    NOR_ACA_IN         0.131      0.028      4.701      0.000      0.245
    PEE_SOC_IN         0.007      0.029      0.261      0.794      0.285
    FAC_SOC_IN        -0.014      0.028     -0.491      0.623      0.256

 Variances
    STR_ACA_IN         0.992      0.019     52.878      0.000      0.024
    NOR_ACA_IN         0.924      0.020     45.104      0.000      0.152
    PEE_SOC_IN         0.974      0.019     52.187      0.000      0.023
    FAC_SOC_IN         0.989      0.023     43.248      0.000      0.019

Latent Class 3

 STR_ACA_ WITH
    NOR_ACA_IN         0.103      0.034      3.038      0.002      0.434
    PEE_SOC_IN         0.148      0.034      4.403      0.000      0.353
    FAC_SOC_IN         0.341      0.031     11.093      0.000      0.336

 NOR_ACA_ WITH
    PEE_SOC_IN         0.091      0.031      2.894      0.004      0.261
    FAC_SOC_IN         0.098      0.034      2.866      0.004      0.370

 PEE_SOC_ WITH
    FAC_SOC_IN         0.226      0.032      7.107      0.000      0.238

 Means
    STR_ACA_IN         0.057      0.032      1.771      0.077      0.327
    NOR_ACA_IN         0.120      0.030      4.066      0.000      0.210
    PEE_SOC_IN         0.137      0.029      4.665      0.000      0.205
    FAC_SOC_IN         0.101      0.030      3.297      0.001      0.245

 Variances
    STR_ACA_IN         0.992      0.019     52.878      0.000      0.024
    NOR_ACA_IN         0.924      0.020     45.104      0.000      0.152
    PEE_SOC_IN         0.974      0.019     52.187      0.000      0.023
    FAC_SOC_IN         0.989      0.023     43.248      0.000      0.019

Categorical Latent Variables

 Means
    C#1               -0.807      0.062    -13.119      0.000      0.000
    C#2                0.134      0.039      3.461      0.001      0.000

New/Additional Parameters
    STR12             -0.214      0.071     -2.996      0.003      0.332
    NOR12             -0.736      0.073    -10.054      0.000      0.338
    PEE12             -0.333      0.073     -4.593      0.000      0.256
    FAC12             -0.176      0.076     -2.331      0.020      0.364
    STR13             -0.246      0.075     -3.292      0.001      0.375
    NOR13             -0.725      0.073     -9.987      0.000      0.302
    PEE13             -0.462      0.069     -6.663      0.000      0.163
    FAC13             -0.290      0.076     -3.819      0.000      0.350
    STR23             -0.032      0.049     -0.661      0.509      0.374
    NOR23              0.011      0.045      0.237      0.813      0.280
    PEE23             -0.129      0.047     -2.774      0.006      0.333
    FAC23             -0.114      0.046     -2.481      0.013      0.300


QUALITY OF NUMERICAL RESULTS

     Average Condition Number for the Information Matrix      0.978E-04
       (ratio of smallest to largest eigenvalue)


CONFIDENCE INTERVALS OF MODEL RESULTS

                  Lower .5%  Lower 2.5%    Lower 5%    Estimate    Upper 5%  Upper 2.5%   Upper .5%

Latent Class 1

 STR_ACA_ WITH
    NOR_ACA_IN      -0.002       0.040       0.062       0.174       0.287       0.309       0.351
    PEE_SOC_IN       0.034       0.072       0.091       0.190       0.290       0.309       0.346
    FAC_SOC_IN       0.113       0.151       0.170       0.272       0.374       0.393       0.431

 NOR_ACA_ WITH
    PEE_SOC_IN      -0.078      -0.042      -0.023       0.075       0.173       0.192       0.229
    FAC_SOC_IN      -0.178      -0.135      -0.113       0.003       0.118       0.140       0.183

 PEE_SOC_ WITH
    FAC_SOC_IN       0.061       0.097       0.115       0.209       0.304       0.322       0.357

 Means
    STR_ACA_IN      -0.339      -0.304      -0.285      -0.190      -0.094      -0.075      -0.040
    NOR_ACA_IN      -0.758      -0.721      -0.703      -0.605      -0.507      -0.489      -0.452
    PEE_SOC_IN      -0.474      -0.439      -0.421      -0.326      -0.231      -0.212      -0.177
    FAC_SOC_IN      -0.348      -0.310      -0.291      -0.190      -0.089      -0.070      -0.032

 Variances
    STR_ACA_IN       0.943       0.955       0.961       0.992       1.023       1.029       1.040
    NOR_ACA_IN       0.871       0.884       0.890       0.924       0.958       0.964       0.977
    PEE_SOC_IN       0.926       0.938       0.944       0.974       1.005       1.011       1.023
    FAC_SOC_IN       0.930       0.944       0.951       0.989       1.026       1.033       1.048

Latent Class 2

 STR_ACA_ WITH
    NOR_ACA_IN       0.056       0.073       0.081       0.126       0.171       0.179       0.196
    PEE_SOC_IN       0.095       0.112       0.121       0.166       0.212       0.220       0.237
    FAC_SOC_IN       0.259       0.276       0.285       0.330       0.375       0.384       0.401

 NOR_ACA_ WITH
    PEE_SOC_IN       0.045       0.063       0.072       0.120       0.168       0.177       0.195
    FAC_SOC_IN       0.029       0.048       0.058       0.109       0.160       0.170       0.189

 PEE_SOC_ WITH
    FAC_SOC_IN       0.131       0.150       0.160       0.211       0.263       0.273       0.292

 Means
    STR_ACA_IN      -0.049      -0.032      -0.023       0.024       0.072       0.081       0.098
    NOR_ACA_IN       0.059       0.076       0.085       0.131       0.177       0.186       0.203
    PEE_SOC_IN      -0.066      -0.049      -0.040       0.007       0.055       0.064       0.081
    FAC_SOC_IN      -0.086      -0.069      -0.060      -0.014       0.032       0.041       0.059

 Variances
    STR_ACA_IN       0.943       0.955       0.961       0.992       1.023       1.029       1.040
    NOR_ACA_IN       0.871       0.884       0.890       0.924       0.958       0.964       0.977
    PEE_SOC_IN       0.926       0.938       0.944       0.974       1.005       1.011       1.023
    FAC_SOC_IN       0.930       0.944       0.951       0.989       1.026       1.033       1.048

Latent Class 3

 STR_ACA_ WITH
    NOR_ACA_IN       0.016       0.037       0.047       0.103       0.159       0.169       0.190
    PEE_SOC_IN       0.061       0.082       0.092       0.148       0.203       0.213       0.234
    FAC_SOC_IN       0.262       0.281       0.290       0.341       0.391       0.401       0.420

 NOR_ACA_ WITH
    PEE_SOC_IN       0.010       0.029       0.039       0.091       0.142       0.152       0.171
    FAC_SOC_IN       0.010       0.031       0.042       0.098       0.154       0.165       0.186

 PEE_SOC_ WITH
    FAC_SOC_IN       0.144       0.164       0.174       0.226       0.279       0.289       0.308

 Means
    STR_ACA_IN      -0.026      -0.006       0.004       0.057       0.109       0.119       0.139
    NOR_ACA_IN       0.044       0.062       0.072       0.120       0.169       0.178       0.196
    PEE_SOC_IN       0.061       0.079       0.089       0.137       0.185       0.194       0.212
    FAC_SOC_IN       0.022       0.041       0.050       0.101       0.151       0.160       0.179

 Variances
    STR_ACA_IN       0.943       0.955       0.961       0.992       1.023       1.029       1.040
    NOR_ACA_IN       0.871       0.884       0.890       0.924       0.958       0.964       0.977
    PEE_SOC_IN       0.926       0.938       0.944       0.974       1.005       1.011       1.023
    FAC_SOC_IN       0.930       0.944       0.951       0.989       1.026       1.033       1.048

Categorical Latent Variables

 Means
    C#1             -0.965      -0.927      -0.908      -0.807      -0.706      -0.686      -0.648
    C#2              0.034       0.058       0.070       0.134       0.198       0.210       0.234

New/Additional Parameters
    STR12           -0.398      -0.354      -0.331      -0.214      -0.096      -0.074      -0.030
    NOR12           -0.925      -0.879      -0.856      -0.736      -0.616      -0.592      -0.547
    PEE12           -0.520      -0.475      -0.452      -0.333      -0.214      -0.191      -0.146
    FAC12           -0.371      -0.324      -0.300      -0.176      -0.052      -0.028       0.018
    STR13           -0.439      -0.393      -0.369      -0.246      -0.123      -0.100      -0.054
    NOR13           -0.912      -0.868      -0.845      -0.725      -0.606      -0.583      -0.538
    PEE13           -0.641      -0.598      -0.577      -0.462      -0.348      -0.326      -0.284
    FAC13           -0.486      -0.439      -0.415      -0.290      -0.165      -0.141      -0.095
    STR23           -0.158      -0.128      -0.113      -0.032       0.048       0.063       0.094
    NOR23           -0.105      -0.078      -0.063       0.011       0.085       0.099       0.127
    PEE23           -0.249      -0.221      -0.206      -0.129      -0.053      -0.038      -0.009
    FAC23           -0.233      -0.205      -0.190      -0.114      -0.039      -0.024       0.004


RESIDUAL OUTPUT

NOTE:  These are average results over 20 data sets.


     ESTIMATED MODEL AND RESIDUALS (OBSERVED - ESTIMATED) FOR LATENT CLASS 1


           Model Estimated Means
              STR_ACA_      NOR_ACA_      PEE_SOC_      FAC_SOC_
              ________      ________      ________      ________
               -0.190        -0.605        -0.326        -0.190


           Residuals for Means
              STR_ACA_      NOR_ACA_      PEE_SOC_      FAC_SOC_
              ________      ________      ________      ________
                0.000         0.000         0.000         0.000


           Model Estimated Covariances
              STR_ACA_      NOR_ACA_      PEE_SOC_      FAC_SOC_
              ________      ________      ________      ________
 STR_ACA_       0.992
 NOR_ACA_       0.174         0.924
 PEE_SOC_       0.190         0.075         0.974
 FAC_SOC_       0.272         0.003         0.209         0.989


           Residuals for Covariances
              STR_ACA_      NOR_ACA_      PEE_SOC_      FAC_SOC_
              ________      ________      ________      ________
 STR_ACA_      -0.120
 NOR_ACA_      -0.034        -0.083
 PEE_SOC_       0.002         0.000         0.130
 FAC_SOC_      -0.024        -0.003         0.024         0.008


     ESTIMATED MODEL AND RESIDUALS (OBSERVED - ESTIMATED) FOR LATENT CLASS 2


           Model Estimated Means
              STR_ACA_      NOR_ACA_      PEE_SOC_      FAC_SOC_
              ________      ________      ________      ________
                0.024         0.131         0.007        -0.014


           Residuals for Means
              STR_ACA_      NOR_ACA_      PEE_SOC_      FAC_SOC_
              ________      ________      ________      ________
                0.000         0.000         0.000         0.000


           Model Estimated Covariances
              STR_ACA_      NOR_ACA_      PEE_SOC_      FAC_SOC_
              ________      ________      ________      ________
 STR_ACA_       0.992
 NOR_ACA_       0.126         0.924
 PEE_SOC_       0.166         0.120         0.974
 FAC_SOC_       0.330         0.109         0.211         0.989


           Residuals for Covariances
              STR_ACA_      NOR_ACA_      PEE_SOC_      FAC_SOC_
              ________      ________      ________      ________
 STR_ACA_       0.045
 NOR_ACA_       0.007         0.012
 PEE_SOC_       0.004         0.000        -0.017
 FAC_SOC_       0.011         0.002        -0.003        -0.007


     ESTIMATED MODEL AND RESIDUALS (OBSERVED - ESTIMATED) FOR LATENT CLASS 3


           Model Estimated Means
              STR_ACA_      NOR_ACA_      PEE_SOC_      FAC_SOC_
              ________      ________      ________      ________
                0.057         0.120         0.137         0.101


           Residuals for Means
              STR_ACA_      NOR_ACA_      PEE_SOC_      FAC_SOC_
              ________      ________      ________      ________
                0.000         0.000         0.000         0.000


           Model Estimated Covariances
              STR_ACA_      NOR_ACA_      PEE_SOC_      FAC_SOC_
              ________      ________      ________      ________
 STR_ACA_       0.992
 NOR_ACA_       0.103         0.924
 PEE_SOC_       0.148         0.091         0.974
 FAC_SOC_       0.341         0.098         0.226         0.989


           Residuals for Covariances
              STR_ACA_      NOR_ACA_      PEE_SOC_      FAC_SOC_
              ________      ________      ________      ________
 STR_ACA_       0.002
 NOR_ACA_       0.003         0.023
 PEE_SOC_      -0.005        -0.001        -0.039
 FAC_SOC_       0.002         0.003        -0.007         0.006


TECHNICAL 1 OUTPUT


     PARAMETER SPECIFICATION FOR LATENT CLASS 1


           NU
              STR_ACA_      NOR_ACA_      PEE_SOC_      FAC_SOC_
              ________      ________      ________      ________
                    1             2             3             4


           THETA
              STR_ACA_      NOR_ACA_      PEE_SOC_      FAC_SOC_
              ________      ________      ________      ________
 STR_ACA_           5
 NOR_ACA_           6             7
 PEE_SOC_           8             9            10
 FAC_SOC_          11            12            13            14


     PARAMETER SPECIFICATION FOR LATENT CLASS 2


           NU
              STR_ACA_      NOR_ACA_      PEE_SOC_      FAC_SOC_
              ________      ________      ________      ________
                   15            16            17            18


           THETA
              STR_ACA_      NOR_ACA_      PEE_SOC_      FAC_SOC_
              ________      ________      ________      ________
 STR_ACA_           5
 NOR_ACA_          19             7
 PEE_SOC_          20            21            10
 FAC_SOC_          22            23            24            14


     PARAMETER SPECIFICATION FOR LATENT CLASS 3


           NU
              STR_ACA_      NOR_ACA_      PEE_SOC_      FAC_SOC_
              ________      ________      ________      ________
                   25            26            27            28


           THETA
              STR_ACA_      NOR_ACA_      PEE_SOC_      FAC_SOC_
              ________      ________      ________      ________
 STR_ACA_           5
 NOR_ACA_          29             7
 PEE_SOC_          30            31            10
 FAC_SOC_          32            33            34            14


     PARAMETER SPECIFICATION FOR LATENT CLASS REGRESSION MODEL PART


           ALPHA(C)
              C#1           C#2           C#3
              ________      ________      ________
                   35            36             0


     PARAMETER SPECIFICATION FOR THE ADDITIONAL PARAMETERS


           NEW/ADDITIONAL PARAMETERS
              STR12         NOR12         PEE12         FAC12         STR13
              ________      ________      ________      ________      ________
                   37            38            39            40            41


           NEW/ADDITIONAL PARAMETERS
              NOR13         PEE13         FAC13         STR23         NOR23
              ________      ________      ________      ________      ________
                   42            43            44            45            46


           NEW/ADDITIONAL PARAMETERS
              PEE23         FAC23
              ________      ________
                   47            48


     STARTING VALUES FOR LATENT CLASS 1


           NU
              STR_ACA_      NOR_ACA_      PEE_SOC_      FAC_SOC_
              ________      ________      ________      ________
               -1.000        -1.000        -1.000        -1.000


           THETA
              STR_ACA_      NOR_ACA_      PEE_SOC_      FAC_SOC_
              ________      ________      ________      ________
 STR_ACA_       0.500
 NOR_ACA_       0.000         0.500
 PEE_SOC_       0.000         0.000         0.500
 FAC_SOC_       0.000         0.000         0.000         0.500


     STARTING VALUES FOR LATENT CLASS 2


           NU
              STR_ACA_      NOR_ACA_      PEE_SOC_      FAC_SOC_
              ________      ________      ________      ________
                0.000         0.000         0.000         0.000


           THETA
              STR_ACA_      NOR_ACA_      PEE_SOC_      FAC_SOC_
              ________      ________      ________      ________
 STR_ACA_       0.500
 NOR_ACA_       0.000         0.500
 PEE_SOC_       0.000         0.000         0.500
 FAC_SOC_       0.000         0.000         0.000         0.500


     STARTING VALUES FOR LATENT CLASS 3


           NU
              STR_ACA_      NOR_ACA_      PEE_SOC_      FAC_SOC_
              ________      ________      ________      ________
                1.000         1.000         1.000         1.000


           THETA
              STR_ACA_      NOR_ACA_      PEE_SOC_      FAC_SOC_
              ________      ________      ________      ________
 STR_ACA_       0.500
 NOR_ACA_       0.000         0.500
 PEE_SOC_       0.000         0.000         0.500
 FAC_SOC_       0.000         0.000         0.000         0.500


     STARTING VALUES FOR LATENT CLASS REGRESSION MODEL PART


           ALPHA(C)
              C#1           C#2           C#3
              ________      ________      ________
                0.000         0.000         0.000


     STARTING VALUES FOR THE ADDITIONAL PARAMETERS


           NEW/ADDITIONAL PARAMETERS
              STR12         NOR12         PEE12         FAC12         STR13
              ________      ________      ________      ________      ________
                0.500         0.500         0.500         0.500         0.500


           NEW/ADDITIONAL PARAMETERS
              NOR13         PEE13         FAC13         STR23         NOR23
              ________      ________      ________      ________      ________
                0.500         0.500         0.500         0.500         0.500


           NEW/ADDITIONAL PARAMETERS
              PEE23         FAC23
              ________      ________
                0.500         0.500


DIAGRAM INFORMATION

  Mplus diagrams are currently not available for Mixture analysis.
  No diagram output was produced.


     Beginning Time:  20:03:50
        Ending Time:  20:03:56
       Elapsed Time:  00:00:06



MUTHEN & MUTHEN
3463 Stoner Ave.
Los Angeles, CA  90066

Tel: (310) 391-9971
Fax: (310) 391-8971
Web: www.StatModel.com
Support: Support@StatModel.com

Copyright (c) 1998-2023 Muthen & Muthen
