Mplus VERSION 8.10
MUTHEN & MUTHEN
07/18/2026   4:05 PM

INPUT INSTRUCTIONS

  Title: mi_model1

  data:
    file is "S:\Temp\MPlus\Imp_Data_3class\Imp_Data_3class__IMP_LIST.txt";
    type = imputation;

  variable:
    names = par_edu
            big_ope big_con big_ext big_agr big_neu
            int_edi int_ssi int_abi ext_uti ext_lod ext_soi
            aca_abi
            hisei
            str_aca_int nor_aca_int pee_soc_int fac_soc_int
            dro_int dro_out
            bchw1 bchw2 bchw3
            ID_t;

    usevariables = dro_out
                   bchw1 bchw2 bchw3;

    missing = .;
    idvariable = ID_t;

    classes = c (3);
    training = bchw1-bchw3 (bch);
    categorical = dro_out;

  analysis:
    type = mixture;
    estimator = mlr;
    starts = 0;

  model:
    %overall%

  output:
    residual;
    sampstat;
    cinterval;



INPUT READING TERMINATED NORMALLY



mi_model1

SUMMARY OF ANALYSIS

Number of groups                                                 1
Average number of observations                                5772

Number of replications
    Requested                                                   20
    Completed                                                   20

Number of dependent variables                                    1
Number of independent variables                                  0
Number of continuous latent variables                            0
Number of categorical latent variables                           1

Observed dependent variables

  Binary and ordered categorical (ordinal)
   DRO_OUT

Categorical latent variables
   C

Variables with special functions

  ID variable           ID_T

  Training variables (BCH)
   BCHW1       BCHW2       BCHW3


Estimator                                                      MLR
Information matrix                                        OBSERVED
Optimization Specifications for the Quasi-Newton Algorithm for
Continuous Outcomes
  Maximum number of iterations                                 100
  Convergence criterion                                  0.100D-05
Optimization Specifications for the EM Algorithm
  Maximum number of iterations                                 500
  Convergence criteria
    Loglikelihood change                                 0.100D-06
    Relative loglikelihood change                        0.100D-06
    Derivative                                           0.100D-05
Optimization Specifications for the M step of the EM Algorithm for
Categorical Latent variables
  Number of M step iterations                                    1
  M step convergence criterion                           0.100D-05
  Basis for M step termination                           ITERATION
Optimization Specifications for the M step of the EM Algorithm for
Censored, Binary or Ordered Categorical (Ordinal), Unordered
Categorical (Nominal) and Count Outcomes
  Number of M step iterations                                    1
  M step convergence criterion                           0.100D-05
  Basis for M step termination                           ITERATION
  Maximum value for logit thresholds                            15
  Minimum value for logit thresholds                           -15
  Minimum expected cell size for chi-square              0.100D-01
Maximum number of iterations for H1                           2000
Convergence criterion for H1                             0.100D-03
Optimization algorithm                                         EMA
Link                                                         LOGIT

Input data file(s)
  Multiple data files from
    S:\Temp\MPlus\Imp_Data_3class\Imp_Data_3class__IMP_LIST.txt
Input data format  FREE


SUMMARY OF DATA FOR THE FIRST DATA SET

     Number of missing data patterns             1
     Number of y missing data patterns           0
     Number of u missing data patterns           1


SUMMARY OF MISSING DATA PATTERNS FOR THE FIRST DATA SET


COVARIANCE COVERAGE OF DATA FOR THE FIRST DATA SET

Minimum covariance coverage value   0.100


UNIVARIATE PROPORTIONS FOR CATEGORICAL VARIABLES

NOTE:  These are average results over 20 data sets.

    DRO_OUT
      Category 1    0.893
      Category 2    0.107


SAMPLE STATISTICS

NOTE:  These are average results over 0 data sets.


     ESTIMATED SAMPLE STATISTICS




MODEL FIT INFORMATION

Number of Free Parameters                        5

Loglikelihood

    H0 Value

        Mean                             -7865.581
        Std Dev                             65.141
        Number of successful computations       20

             Proportions                   Percentiles
        Expected    Observed         Expected       Observed
           0.990       1.000        -8017.119      -7982.868
           0.980       1.000        -7999.361      -7982.868
           0.950       0.950        -7972.731      -7982.868
           0.900       0.950        -7949.066      -7982.868
           0.800       0.800        -7920.403      -7933.148
           0.700       0.650        -7899.741      -7915.739
           0.500       0.450        -7865.581      -7880.982
           0.300       0.300        -7831.421      -7852.504
           0.200       0.200        -7810.758      -7815.731
           0.100       0.150        -7782.096      -7777.295
           0.050       0.100        -7758.430      -7746.552
           0.020       0.050        -7731.800      -7746.552
           0.010       0.000        -7714.043      -7746.552

Information Criteria

    Akaike (AIC)

        Mean                             15741.161
        Std Dev                            130.282
        Number of successful computations       20

             Proportions                   Percentiles
        Expected    Observed         Expected       Observed
           0.990       1.000        15438.085      15467.982
           0.980       0.950        15473.600      15467.982
           0.950       0.900        15526.860      15467.982
           0.900       0.850        15574.191      15467.982
           0.800       0.800        15631.516      15564.589
           0.700       0.700        15672.841      15645.489
           0.500       0.550        15741.161      15768.000
           0.300       0.350        15809.481      15822.505
           0.200       0.200        15850.807      15846.189
           0.100       0.050        15908.131      15876.296
           0.050       0.050        15955.463      15888.022
           0.020       0.000        16008.722      15888.022
           0.010       0.000        16044.237      15888.022

    Bayesian (BIC)

        Mean                             15774.465
        Std Dev                            130.282
        Number of successful computations       20

             Proportions                   Percentiles
        Expected    Observed         Expected       Observed
           0.990       1.000        15471.389      15501.286
           0.980       0.950        15506.904      15501.286
           0.950       0.900        15560.163      15501.286
           0.900       0.850        15607.495      15501.286
           0.800       0.800        15664.819      15597.893
           0.700       0.700        15706.145      15678.792
           0.500       0.550        15774.465      15801.304
           0.300       0.350        15842.785      15855.809
           0.200       0.200        15884.111      15879.492
           0.100       0.050        15941.435      15909.600
           0.050       0.050        15988.767      15921.326
           0.020       0.000        16042.026      15921.326
           0.010       0.000        16077.541      15921.326

    Sample-Size Adjusted BIC (n* = (n + 2) / 24)

        Mean                             15758.577
        Std Dev                            130.282
        Number of successful computations       20

             Proportions                   Percentiles
        Expected    Observed         Expected       Observed
           0.990       1.000        15455.500      15485.398
           0.980       0.950        15491.015      15485.398
           0.950       0.900        15544.275      15485.398
           0.900       0.850        15591.607      15485.398
           0.800       0.800        15648.931      15582.005
           0.700       0.700        15690.256      15662.904
           0.500       0.550        15758.577      15785.415
           0.300       0.350        15826.897      15839.921
           0.200       0.200        15868.222      15863.604
           0.100       0.050        15925.547      15893.711
           0.050       0.050        15972.878      15905.438
           0.020       0.000        16026.138      15905.438
           0.010       0.000        16061.653      15905.438



FINAL CLASS COUNTS AND PROPORTIONS FOR THE LATENT CLASSES
BASED ON THE ESTIMATED MODEL

    Latent
   Classes

       1        994.53367          0.17230
       2       2548.89153          0.44160
       3       2228.57481          0.38610


FINAL CLASS COUNTS AND PROPORTIONS FOR THE LATENT CLASSES
BASED ON ESTIMATED POSTERIOR PROBABILITIES

    Latent
   Classes

       1        994.53367          0.17230
       2       2548.89153          0.44160
       3       2228.57481          0.38610


FINAL CLASS COUNTS AND PROPORTIONS FOR THE LATENT CLASSES
BASED ON THEIR MOST LIKELY LATENT CLASS MEMBERSHIP

Class Counts and Proportions

    Latent
   Classes

       1              774          0.13410
       2             2801          0.48527
       3             2197          0.38063


Average Latent Class Probabilities for Most Likely Latent Class Membership (Row)
by Latent Class (Column)

           1        2        3

    1   1.764    -.416    -.348
    2   -.068    1.149    -.081
    3   -.082    -.158    1.240


Classification Probabilities for the Most Likely Latent Class Membership (Column)
by Latent Class (Row)

           1        2        3

    1   1.373    -.192    -.181
    2   -.126    1.263    -.136
    3   -.121    -.102    1.223


Logits for the Classification Probabilities for the Most Likely Latent Class Membership (Column)
by Latent Class (Row)

              1        2        3

    1     14.132    0.000    0.000
    2      0.000   14.049    0.000
    3    -14.017  -14.017    0.000


MODEL RESULTS

                                                    Two-Tailed   Rate of
                    Estimate       S.E.  Est./S.E.    P-Value    Missing

Latent Class 1

 Thresholds
    DRO_OUT$1          1.534      0.176      8.714      0.000      0.519

Latent Class 2

 Thresholds
    DRO_OUT$1          2.081      0.104     20.018      0.000      0.438

Latent Class 3

 Thresholds
    DRO_OUT$1          2.597      0.143     18.137      0.000      0.372

Categorical Latent Variables

 Means
    C#1               -0.807      0.062    -13.119      0.000      0.000
    C#2                0.134      0.039      3.461      0.001      0.000


QUALITY OF NUMERICAL RESULTS

     Average Condition Number for the Information Matrix      0.458E-01
       (ratio of smallest to largest eigenvalue)


RESULTS IN PROBABILITY SCALE

                                                    Two-Tailed   Rate of
                    Estimate       S.E.  Est./S.E.    P-Value    Missing

Latent Class 1

 DRO_OUT
    Category 1         0.822      0.026     32.086      0.000      0.519
    Category 2         0.178      0.026      6.949      0.000      0.519

Latent Class 2

 DRO_OUT
    Category 1         0.889      0.010     86.733      0.000      0.438
    Category 2         0.111      0.010     10.838      0.000      0.438

Latent Class 3

 DRO_OUT
    Category 1         0.931      0.009    101.445      0.000      0.365
    Category 2         0.069      0.009      7.577      0.000      0.365


CONFIDENCE INTERVALS OF MODEL RESULTS

                  Lower .5%  Lower 2.5%    Lower 5%    Estimate    Upper 5%  Upper 2.5%   Upper .5%

Latent Class 1

 Thresholds
    DRO_OUT$1        1.081       1.189       1.245       1.534       1.824       1.879       1.988

Latent Class 2

 Thresholds
    DRO_OUT$1        1.814       1.878       1.910       2.081       2.252       2.285       2.349

Latent Class 3

 Thresholds
    DRO_OUT$1        2.228       2.317       2.362       2.597       2.833       2.878       2.966

Categorical Latent Variables

 Means
    C#1             -0.965      -0.927      -0.908      -0.807      -0.706      -0.686      -0.648
    C#2              0.034       0.058       0.070       0.134       0.198       0.210       0.234


CONFIDENCE INTERVALS FOR THE LATENT CLASS ODDS RATIO RESULTS

Latent Class 1 Compared to Latent Class 2

 DRO_OUT
    Category > 1     1.090       1.204       1.266       1.650       2.151       2.262       2.498

Latent Class 1 Compared to Latent Class 3

 DRO_OUT
    Category > 1     1.820       2.045       2.170       2.962       4.043       4.291       4.821

Latent Class 2 Compared to Latent Class 3

 DRO_OUT
    Category > 1     1.231       1.347       1.411       1.795       2.283       2.391       2.617


RESIDUAL OUTPUT

NOTE:  These are average results over 0 data sets.


     ESTIMATED MODEL AND RESIDUALS (OBSERVED - ESTIMATED) FOR LATENT CLASS 1


     ESTIMATED MODEL AND RESIDUALS (OBSERVED - ESTIMATED) FOR LATENT CLASS 2


     ESTIMATED MODEL AND RESIDUALS (OBSERVED - ESTIMATED) FOR LATENT CLASS 3


TECHNICAL 1 OUTPUT


     PARAMETER SPECIFICATION FOR LATENT CLASS 1


     PARAMETER SPECIFICATION FOR LATENT CLASS 2


     PARAMETER SPECIFICATION FOR LATENT CLASS 3


     PARAMETER SPECIFICATION FOR LATENT CLASS INDICATOR MODEL PART


           TAU(U) FOR LATENT CLASS 1
              DRO_OUT$
              ________
                    1


           TAU(U) FOR LATENT CLASS 2
              DRO_OUT$
              ________
                    2


           TAU(U) FOR LATENT CLASS 3
              DRO_OUT$
              ________
                    3


     PARAMETER SPECIFICATION FOR LATENT CLASS REGRESSION MODEL PART


           ALPHA(C)
              C#1           C#2           C#3
              ________      ________      ________
                    4             5             0


     STARTING VALUES FOR LATENT CLASS 1


     STARTING VALUES FOR LATENT CLASS 2


     STARTING VALUES FOR LATENT CLASS 3


     STARTING VALUES FOR LATENT CLASS INDICATOR MODEL PART


           TAU(U) FOR LATENT CLASS 1
              DRO_OUT$
              ________
                1.163


           TAU(U) FOR LATENT CLASS 2
              DRO_OUT$
              ________
                2.163


           TAU(U) FOR LATENT CLASS 3
              DRO_OUT$
              ________
                3.163


     STARTING VALUES FOR LATENT CLASS REGRESSION MODEL PART


           ALPHA(C)
              C#1           C#2           C#3
              ________      ________      ________
                0.000         0.000         0.000


DIAGRAM INFORMATION

  Mplus diagrams are currently not available for Mixture analysis.
  No diagram output was produced.


     Beginning Time:  16:05:20
        Ending Time:  16:05:24
       Elapsed Time:  00:00:04



MUTHEN & MUTHEN
3463 Stoner Ave.
Los Angeles, CA  90066

Tel: (310) 391-9971
Fax: (310) 391-8971
Web: www.StatModel.com
Support: Support@StatModel.com

Copyright (c) 1998-2023 Muthen & Muthen
